emu compiled at Sep 19 2026, 04:21:58
[INFO] init for constantin: loaded from init.
Using simulated 1048576B flash
Core  0's Commit SHA is: c8d7b3a5c1, dirty: 0
Using simulated 8386560MB RAM
The image is /home/baiyifan/workplace-local/isla-runner/agents/vext_issue_draft_reproduction/issue2/poc.elf
ELF file detected and loading image from extracted elf file
Loading 108 bytes at address 0x80000000 at offset 0x0
The reference model is ready-to-run/riscv64-nemu-interpreter-so
The first instruction of core 0 has commited. Difftest enabled. 

============== Commit Group Trace (Core 0) ==============
commit group [00]: pc 0080000004 cmtcnt 1
commit group [01]: pc 0080000008 cmtcnt 1
commit group [02]: pc 008000000c cmtcnt 1
commit group [03]: pc 0080000010 cmtcnt 1
commit group [04]: pc 0080000014 cmtcnt 1
commit group [05]: pc 0080000018 cmtcnt 1
commit group [06]: pc 008000001c cmtcnt 1
commit group [07]: pc 0080000020 cmtcnt 1
commit group [08]: pc 0080000024 cmtcnt 1
commit group [09]: pc 0080000028 cmtcnt 1
commit group [10]: pc 008000002c cmtcnt 1
commit group [11]: pc 0080000030 cmtcnt 1
commit group [12]: pc 0080000034 cmtcnt 1
commit group [13]: pc 0080000038 cmtcnt 1
commit group [14]: pc 008000003c cmtcnt 1
commit group [15]: pc 0080000040 cmtcnt 2 <--

============== Commit Instr Trace ==============
[00] commit pc 0000000010000000 inst 74446073 wen 0 dst 00 data 0000000000000000 idx 000
[01] commit pc 0000000010000004 inst 0010029b wen 1 dst 05 data 0000000000000001 idx 001
[02] commit pc 0000000010000008 inst 02a29313 wen 1 dst 06 data 0000040000000000 idx 002
[03] commit pc 000000001000000c inst 30033073 wen 0 dst 00 data 0000040000000000 idx 003
[04] commit pc 0000000010000010 inst 01f29293 wen 1 dst 05 data 0000000080000000 idx 004
[05] commit pc 0000000010000014 inst 00028067 wen 0 dst 00 data 0000000080000000 idx 005
[06] commit pc 0000000080000000 inst 300022f3 wen 1 dst 05 data 0000000a00000000 idx 006
[07] commit pc 0000000080000004 inst 60000313 wen 1 dst 06 data 0000000000000600 idx 007
[08] commit pc 0000000080000008 inst 0062e2b3 wen 1 dst 05 data 0000000a00000600 idx 008
[09] commit pc 000000008000000c inst 30029073 wen 0 dst 00 data 0000000a00000600 idx 009
[10] commit pc 0000000080000010 inst 30201073 wen 0 dst 00 data 0000000a00000600 idx 00a
[11] commit pc 0000000080000014 inst 00000297 wen 1 dst 05 data 0000000080000014 idx 00b
[12] commit pc 0000000080000018 inst 04028293 wen 1 dst 05 data 0000000080000054 idx 00c
[13] commit pc 000000008000001c inst 30529073 wen 0 dst 00 data 0000000080000054 idx 00d
[14] commit pc 0000000080000020 inst 01400313 wen 1 dst 06 data 0000000000000014 idx 00e
[15] commit pc 0000000080000024 inst 00a37057 wen 0 dst 00 data 0000000000000014 idx 00f
[16] commit pc 0000000080000028 inst 00200293 wen 1 dst 05 data 0000000000000002 idx 010
[17] commit pc 000000008000002c inst 00829073 wen 0 dst 00 data 0000000000000002 idx 011
[18] commit pc 0000000080000030 inst 00000293 wen 1 dst 05 data 0000000000000000 idx 012
[19] commit pc 0000000080000034 inst 00a29073 wen 0 dst 00 data 0000000000000000 idx 013
[20] commit pc 0000000080000038 inst 00000293 wen 1 dst 05 data 0000000000000000 idx 014
[21] commit pc 000000008000003c inst 00929073 wen 0 dst 00 data 0000000000000000 idx 015
[22] commit pc 0000000080000040 inst 02000fb7 wen 1 dst 31 data 0000000001fffffe idx 016
[23] exception pc 0000000080000048 inst 02bf8027 cause 0000000000000007 <--

==============  REF Regs  ==============
---------------- Intger Registers ----------------
  $0: 0x0000000000000000   ra: 0x0000000000000000   sp: 0x0000000000000000   gp: 0x0000000000000000 
  tp: 0x0000000000000000   t0: 0x0000000000000000   t1: 0x0000000000000014   t2: 0x0000000000000000 
  s0: 0x0000000000000000   s1: 0x0000000000000000   a0: 0x0000000000000000   a1: 0x0000000000000000 
  a2: 0x0000000000000000   a3: 0x0000000000000000   a4: 0x0000000000000000   a5: 0x0000000000000000 
  a6: 0x0000000000000000   a7: 0x0000000000000000   s2: 0x0000000000000000   s3: 0x0000000000000000 
  s4: 0x0000000000000000   s5: 0x0000000000000000   s6: 0x0000000000000000   s7: 0x0000000000000000 
  s8: 0x0000000000000000   s9: 0x0000000000000000  s10: 0x0000000000000000  s11: 0x0000000000000000 
  t3: 0x0000000000000000   t4: 0x0000000000000000   t5: 0x0000000000000000   t6: 0x0000000001fffffe 
---------------- Float Registers ----------------
 ft0: 0xd42cfc917bec1462  ft1: 0x7220bbe619bad712  ft2: 0x8aea8f1f88b5c7ad  ft3: 0x7beb55b5ad19269c 
 ft4: 0xe8c93305156dfd89  ft5: 0x13196000fb8d6945  ft6: 0x6ddc94f552cab47b  ft7: 0xa502768cce1ecd53 
 fs0: 0x7cee2c32ff1412d2  fs1: 0xc3f41c3cc3f012d7  fa0: 0x6fe3949767f447cc  fa1: 0xbbf9ae90f3e8ba5d 
 fa2: 0xa7ca164adc0dc3a3  fa3: 0x22e737d6be4b7bf7  fa4: 0xd88d55467d8b9165  fa5: 0xe3e9fcaca80fb89e 
 fa6: 0x778cfb4ccf71e113  fa7: 0x986c40769d88cb4c  fs2: 0xb337ff465e6e18a2  fs3: 0xb7f6b6372f3bcbe8 
 fs4: 0x5d030df4a25c1e2f  fs5: 0x4fe553a4619dc3e8  fs6: 0x3c086a33bdb76ec2  fs7: 0x990753c271f4ff3a 
 fs8: 0x1b904f7b81dfc167  fs9: 0xf3134a0b9cbd759d fs10: 0x0c712e96509557d0 fs11: 0xf38d071d8f881c80 
 ft8: 0xab46af1bccfd27e6  ft9: 0x92fe262ab31dc528 ft10: 0x0f76d3352c00ff53 ft11: 0xde0625d08d7a1901 
 fcsr: 0x0000000000000000 fflags: 0x0000000000000000 frm: 0x0000000000000000
---------------- Privileged CSRs ----------------
pc: 0x0000000080000054  privilege mode: M (mode: 3  v: 0  debug: 0)
   mstatus: 0x8000040a00001e00   sstatus: 0x8000000200000600  vsstatus: 0x0000000200000000
   hstatus: 0x0000000200000000  mnstatus: 0x0000000000000008
    mcause: 0x0000000000000007      mepc: 0x0000000080000048     mtval: 0x0000000002000000
    scause: 0x0000000000000000      sepc: 0x0000000000000000     stval: 0x0000000000000000
   vscause: 0x0000000000000000     vsepc: 0x0000000000000000    vstval: 0x0000000000000000
   mncause: 0x0000000000000000     mnepc: 0x0000000000000000 mnscratch: 0x0000000000000000
    mtval2: 0x0000000000000000     htval: 0x0000000000000000
    mtinst: 0x0000000000000000    htinst: 0x0000000000000000
  mscratch: 0x7c125e0550794585  sscratch: 0x3f532e208210b370 vsscratch: 0x0324824840700b5e
     mtvec: 0x0000000080000054     stvec: 0x0000000000000000    vstvec: 0x0000000000000000
       mip: 0x0000000000000000       mie: 0x0000000000000000
   mideleg: 0x0000000000001444   medeleg: 0x0000000000000000
   hideleg: 0x0000000000000000   hedeleg: 0x0000000000000000
      satp: 0x0000000000000000     hgatp: 0x0000000000000000     vsatp: 0x0000000000000000
 mcounteren: 0x0000000000000000 scounteren: 0x0000000000000000 hcounteren: 0x0000000000000000
  miselect: 0x0000000000000000  siselect: 0x0000000000000000 vsiselect: 0x0000000000000000
     mireg: 0x0000000000000000     sireg: 0x0000000000000000    vsireg: 0x0000000000000000
     mtopi: 0x0000000000000000     stopi: 0x0000000000000000    vstopi: 0x0000000000000000
     mvien: 0x0000000000000000     hvien: 0x0000000000000000      mvip: 0x0000000000000000
    mtopei: 0x0000000000000000    stopei: 0x0000000000000000   vstopei: 0x0000000000000000
    hvictl: 0x0000000000000000  hviprio1: 0x0000000000000000  hviprio2: 0x0000000000000000
---------------- PMP CSRs ----------------
pmp: 32 entries active, details:
 0: cfg:0x00 addr:0x0000000000000000| 1: cfg:0x00 addr:0x0000000000000000
 2: cfg:0x00 addr:0x0000000000000000| 3: cfg:0x00 addr:0x0000000000000000
 4: cfg:0x00 addr:0x0000000000000000| 5: cfg:0x00 addr:0x0000000000000000
 6: cfg:0x00 addr:0x0000000000000000| 7: cfg:0x00 addr:0x0000000000000000
 8: cfg:0x00 addr:0x0000000000000000| 9: cfg:0x00 addr:0x0000000000000000
10: cfg:0x00 addr:0x0000000000000000|11: cfg:0x00 addr:0x0000000000000000
12: cfg:0x00 addr:0x0000000000000000|13: cfg:0x00 addr:0x0000000000000000
14: cfg:0x00 addr:0x0000000000000000|15: cfg:0x00 addr:0x0000000000000000
16: cfg:0x00 addr:0x0000000000000000|17: cfg:0x00 addr:0x0000000000000000
18: cfg:0x00 addr:0x0000000000000000|19: cfg:0x00 addr:0x0000000000000000
20: cfg:0x00 addr:0x0000000000000000|21: cfg:0x00 addr:0x0000000000000000
22: cfg:0x00 addr:0x0000000000000000|23: cfg:0x00 addr:0x0000000000000000
24: cfg:0x00 addr:0x0000000000000000|25: cfg:0x00 addr:0x0000000000000000
26: cfg:0x00 addr:0x0000000000000000|27: cfg:0x00 addr:0x0000000000000000
28: cfg:0x00 addr:0x0000000000000000|29: cfg:0x00 addr:0x0000000000000000
30: cfg:0x00 addr:0x0000000000000000|31: cfg:0x00 addr:0x0000000000000000
32: cfg:0x00 addr:0x0000000000000000|33: cfg:0x00 addr:0x0000000000000000
34: cfg:0x00 addr:0x0000000000000000|35: cfg:0x00 addr:0x0000000000000000
36: cfg:0x00 addr:0x0000000000000000|37: cfg:0x00 addr:0x0000000000000000
38: cfg:0x00 addr:0x0000000000000000|39: cfg:0x00 addr:0x0000000000000000
40: cfg:0x00 addr:0x0000000000000000|41: cfg:0x00 addr:0x0000000000000000
42: cfg:0x00 addr:0x0000000000000000|43: cfg:0x00 addr:0x0000000000000000
44: cfg:0x00 addr:0x0000000000000000|45: cfg:0x00 addr:0x0000000000000000
46: cfg:0x00 addr:0x0000000000000000|47: cfg:0x00 addr:0x0000000000000000
48: cfg:0x00 addr:0x0000000000000000|49: cfg:0x00 addr:0x0000000000000000
50: cfg:0x00 addr:0x0000000000000000|51: cfg:0x00 addr:0x0000000000000000
52: cfg:0x00 addr:0x0000000000000000|53: cfg:0x00 addr:0x0000000000000000
54: cfg:0x00 addr:0x0000000000000000|55: cfg:0x00 addr:0x0000000000000000
56: cfg:0x00 addr:0x0000000000000000|57: cfg:0x00 addr:0x0000000000000000
58: cfg:0x00 addr:0x0000000000000000|59: cfg:0x00 addr:0x0000000000000000
60: cfg:0x00 addr:0x0000000000000000|61: cfg:0x00 addr:0x0000000000000000
62: cfg:0x00 addr:0x0000000000000000|63: cfg:0x00 addr:0x0000000000000000
---------------- PMA CSRs ----------------
pma: 32 entries active, details:
 0: cfg:0x00 addr:0x0000000000000000| 1: cfg:0x00 addr:0x0000000000000000
 2: cfg:0x00 addr:0x0000000000000000| 3: cfg:0x00 addr:0x0000000000000000
 4: cfg:0x00 addr:0x0000000000000000| 5: cfg:0x00 addr:0x0000000000000000
 6: cfg:0x00 addr:0x0000000000000000| 7: cfg:0x00 addr:0x0000000000000000
 8: cfg:0x00 addr:0x0000000000000000| 9: cfg:0x00 addr:0x0000000000000000
10: cfg:0x00 addr:0x0000000000000000|11: cfg:0x00 addr:0x0000000000000000
12: cfg:0x00 addr:0x0000000000000000|13: cfg:0x00 addr:0x0000000000000000
14: cfg:0x00 addr:0x0000000000000000|15: cfg:0x00 addr:0x0000000000000000
16: cfg:0x00 addr:0x0000000000000000|17: cfg:0x00 addr:0x0000000000000000
18: cfg:0x00 addr:0x0000000000000000|19: cfg:0x0b addr:0x0000000004000000
20: cfg:0x0f addr:0x0000000008000000|21: cfg:0x0b addr:0x000000000c004000
22: cfg:0x0b addr:0x000000000c014000|23: cfg:0x0b addr:0x000000000e008000
24: cfg:0x0f addr:0x000000000e008400|25: cfg:0x0b addr:0x000000000e008800
26: cfg:0x0b addr:0x000000000e400000|27: cfg:0x0b addr:0x000000000e400800
28: cfg:0x08 addr:0x000000000e800000|29: cfg:0x0b addr:0x0000000020000000
30: cfg:0x6f addr:0x0000020000000000|31: cfg:0x18 addr:0x00001fffffffffff
---------------- Vector Registers ----------------
v0 : 0x103d72339223f75f_514de44a858a6d30  v1 : 0x562e30cb4d41ff4b_0db75065a2961d52  
v2 : 0x6d2cbb7eb639ffc3_647d28679118bf19  v3 : 0xa302dabef084fc1f_e6e8e0243e25f194  
v4 : 0x43c1740447287ec1_165f6c523128db68  v5 : 0xc4c9b7ccc8c83351_397e1dc9b81f3236  
v6 : 0x080a492b542ce9d8_51df86f25e3085df  v7 : 0x2f59d9d66097807b_2734f445aed4e6a1  
v8 : 0x20f9d767c50f974b_dbd0b9cd3de2f668  v9 : 0xdbe361c4ef08902c_a6d67d77c146fc69  
v10: 0x6f65a498f5ee75a8_84ed3c08f05e4e59  v11: 0xa1d28ae13e5137dd_2f66fbd4bbaf93ca  
v12: 0x2b67d71a228eb577_492b046ae65a6da0  v13: 0xf3db4b51311c29b8_01a1eaa3f56f5cf9  
v14: 0x6633a49403ed53fe_812703f54e254f7b  v15: 0xbc2b3644bba13a9b_445d1b07377da4e1  
v16: 0x6333cdac394fc1ad_e36d7d7ec8dcfa4b  v17: 0x0cebc275e6557097_7ad411e24dd88506  
v18: 0xa71d4c5179869039_ec687d29e0beca6c  v19: 0x0adc7e3e11848b95_e8c37f347bf94cf0  
v20: 0x10dde6837d25ec0b_1dc478786029b02f  v21: 0xf0a9398765778707_2f35461d189725fc  
v22: 0xd1cbdec3ce5ebdd3_8aaa79dae36e3e9a  v23: 0x7c53311199fceea2_013c895495cbd902  
v24: 0x97d9511a526505ba_29ca3a65954e279b  v25: 0x9925842240b94b97_435bd86aab1fd136  
v26: 0xec0bb96ebeec37ad_9f56a8b139a11dad  v27: 0x860f29d697721d5c_8b89ceb0a29db65c  
v28: 0xfcfa48ff09f14002_f89a97ea5c4c7f3c  v29: 0x44bbdfefe39b6586_c4bedd8b2190e7c2  
v30: 0x1065dd3f1ac710e4_f0ecc91629b8661e  v31: 0xeae1a16fdc865699_c5785c00eacb72c6  
  vtype: 0x000000000000000a vstart: 0x0000000000000002  vxsat: 0x0000000000000000
   vxrm: 0x0000000000000000     vl: 0x0000000000000014   vcsr: 0x0000000000000000
---------------- Triggers ----------------
 tselect: 0x0000000000000000
 0: tdata1: 0xf000000000000000 tdata2: 0x0000000000000000 tdata3: 0x2f646c6975622f00
 1: tdata1: 0xf000000000000000 tdata2: 0x000057019e5f7740 tdata3: 0x0000000000000000
 2: tdata1: 0xf000000000000000 tdata2: 0x353b35353b34353b tdata3: 0x000057019e5f7760
 3: tdata1: 0xf000000000000000 tdata2: 0x0000000000000000 tdata3: 0x3b36363b35363b34
 4: tdata1: 0x000057019e5f7780 tdata2: 0x0000000000000000 tdata3: 0x3b00666669642d00
privilegeMode: 3
  mtval different at pc = 0x0080000050, right = 0x0000000002000000, wrong = 0x0000000001fffffe
Core 0: [31mABORT at pc = 0x80000050
[0m[35mCore-0 instrCnt = 24, cycleCnt = 2,267, IPC = 0.010587
[0m[34mSeed=0 Guest cycle spent: 2,272 (this will be different from cycleCnt if emu loads a snapshot)
[0m[34mHost time spent: 2,001ms
[0m