emu compiled at Sep 19 2026, 04:21:58
[INFO] init for constantin: loaded from init.
Using simulated 1048576B flash
Core  0's Commit SHA is: c8d7b3a5c1, dirty: 0
Using simulated 8386560MB RAM
The image is /home/baiyifan/workplace-local/isla-runner/agents/vext_issue_draft_reproduction/issue3/poc.elf
ELF file detected and loading image from extracted elf file
Loading 280 bytes at address 0x80000000 at offset 0x0
Loading 24 bytes at address 0x80001000 at offset 0x1000
The reference model is ready-to-run/riscv64-nemu-interpreter-so
The first instruction of core 0 has commited. Difftest enabled. 
No instruction of core 0 commits for 15000 cycles, maybe get stuck
(please also check whether a fence.i instruction requires more than 15000 cycles to flush the icache)
Let REF run one more instruction.

============== Commit Group Trace (Core 0) ==============
commit group [00]: pc 00800000c4 cmtcnt 1
commit group [01]: pc 00800000c8 cmtcnt 1
commit group [02]: pc 00800000cc cmtcnt 1
commit group [03]: pc 00800000d0 cmtcnt 1
commit group [04]: pc 00800000d4 cmtcnt 1
commit group [05]: pc 00800000d8 cmtcnt 1
commit group [06]: pc 00800000dc cmtcnt 1
commit group [07]: pc 00800000e0 cmtcnt 1
commit group [08]: pc 00800000e4 cmtcnt 1
commit group [09]: pc 00800000e8 cmtcnt 1
commit group [10]: pc 00800000ec cmtcnt 1
commit group [11]: pc 00800000f0 cmtcnt 1
commit group [12]: pc 00800000f4 cmtcnt 2
commit group [13]: pc 00800000fc cmtcnt 1
commit group [14]: pc 0080000100 cmtcnt 1
commit group [15]: pc 0080000104 cmtcnt 1 <--

============== Commit Instr Trace ==============
[00] commit pc 0000000080000088 inst 02828b87 wen 1 dst 23 data 0000000080001000 idx 028 (00)
[01] commit pc 000000008000008c inst 02828c07 wen 1 dst 24 data 0000000080001000 idx 029 (00)
[02] commit pc 0000000080000090 inst 02828c87 wen 1 dst 25 data 0000000080001000 idx 02a (00)
[03] commit pc 0000000080000094 inst 02828d07 wen 1 dst 26 data 0000000080001024 idx 02b (00)
[04] commit pc 0000000080000098 inst 02828d87 wen 1 dst 27 data 0000000080001000 idx 02c (00)
[05] commit pc 000000008000009c inst 02828e07 wen 1 dst 28 data 0000000080001024 idx 02d (00)
[06] commit pc 00000000800000a0 inst 02828e87 wen 1 dst 29 data 0000000000000000 idx 02e (00)
[07] commit pc 00000000800000a4 inst 02828f07 wen 1 dst 30 data 0000000080001000 idx 02f (00)
[08] commit pc 00000000800000a8 inst 02828f87 wen 1 dst 31 data 0000000080001000 idx 000 (00)
[09] commit pc 00000000800000ac inst 00100313 wen 1 dst 06 data 0000000000000001 idx 001
[10] commit pc 00000000800000b0 inst 05137057 wen 0 dst 00 data 0000000000000000 idx 002
[11] commit pc 00000000800000b4 inst 00000293 wen 1 dst 05 data 0000000000000000 idx 003
[12] commit pc 00000000800000b8 inst 00829073 wen 0 dst 00 data 0000000080001000 idx 004
[13] commit pc 00000000800000bc inst 00000293 wen 1 dst 05 data 0000000000000000 idx 005
[14] commit pc 00000000800000c0 inst 00a29073 wen 0 dst 00 data 0000000000000000 idx 006
[15] commit pc 00000000800000c4 inst 00000293 wen 1 dst 05 data 0000000000000000 idx 007
[16] commit pc 00000000800000c8 inst 00929073 wen 0 dst 00 data 0000000000000000 idx 008
[17] commit pc 00000000800000cc inst fff00293 wen 1 dst 05 data ffffffffffffffff idx 009
[18] commit pc 00000000800000d0 inst 3b029073 wen 0 dst 00 data ffffffffffffffff idx 00a
[19] commit pc 00000000800000d4 inst 01f00293 wen 1 dst 05 data 000000000000001f idx 00b
[20] commit pc 00000000800000d8 inst 3a029073 wen 0 dst 00 data 000000000000001f idx 00c
[21] commit pc 00000000800000dc inst 00000297 wen 1 dst 05 data 00000000800000dc idx 00d
[22] commit pc 00000000800000e0 inst 02c28293 wen 1 dst 05 data 0000000080000108 idx 00e
[23] commit pc 00000000800000e4 inst 34129073 wen 0 dst 00 data 0000000080000108 idx 00f
[24] commit pc 00000000800000e8 inst 300022f3 wen 1 dst 05 data 8000000a00000600 idx 010
[25] commit pc 00000000800000ec inst ffffe337 wen 1 dst 06 data ffffffffffffe000 idx 011
[26] commit pc 00000000800000f0 inst 7ff3031b wen 1 dst 06 data ffffffffffffe7ff idx 012
[27] commit pc 00000000800000f4 inst 0062f2b3 wen 1 dst 05 data 8000000a00000600 idx 013
[28] commit pc 00000000800000f8 inst 00000313 wen 1 dst 06 data 0000000000000000 idx 014
[29] commit pc 00000000800000fc inst 0062e2b3 wen 1 dst 05 data 8000000a00000600 idx 015
[30] commit pc 0000000080000100 inst 30029073 wen 0 dst 00 data 8000000a00000600 idx 016
[31] commit pc 0000000080000104 inst 30200073 wen 0 dst 00 data 8000000a00000600 idx 017 <--

==============  REF Regs  ==============
---------------- Intger Registers ----------------
  $0: 0x0000000000000000   ra: 0x0000000000000000   sp: 0x0000000000000000   gp: 0x0000000000000000 
  tp: 0x0000000000000000   t0: 0x8000000a00000600   t1: 0x0000000000000000   t2: 0x0000000000000000 
  s0: 0x0000000000000000   s1: 0x0000000000000000   a0: 0x0000000000000000   a1: 0x0000000000000000 
  a2: 0x0000000000000000   a3: 0x0000000000000000   a4: 0x0000000000000000   a5: 0x0000000000000000 
  a6: 0x0000000000000000   a7: 0x0000000000000000   s2: 0x0000000000000000   s3: 0x0000000000000000 
  s4: 0x0000000000000000   s5: 0x0000000000000000   s6: 0x0000000000000000   s7: 0x0000000000000000 
  s8: 0x0000000000000000   s9: 0x0000000000000000  s10: 0x0000000000000000  s11: 0x0000000000000000 
  t3: 0x0000000000000000   t4: 0x0000000000000000   t5: 0x0000000000000000   t6: 0x0000000000000000 
---------------- Float Registers ----------------
 ft0: 0xd42cfc917bec1462  ft1: 0x7220bbe619bad712  ft2: 0x8aea8f1f88b5c7ad  ft3: 0x7beb55b5ad19269c 
 ft4: 0xe8c93305156dfd89  ft5: 0x13196000fb8d6945  ft6: 0x6ddc94f552cab47b  ft7: 0xa502768cce1ecd53 
 fs0: 0x7cee2c32ff1412d2  fs1: 0xc3f41c3cc3f012d7  fa0: 0x6fe3949767f447cc  fa1: 0xbbf9ae90f3e8ba5d 
 fa2: 0xa7ca164adc0dc3a3  fa3: 0x22e737d6be4b7bf7  fa4: 0xd88d55467d8b9165  fa5: 0xe3e9fcaca80fb89e 
 fa6: 0x778cfb4ccf71e113  fa7: 0x986c40769d88cb4c  fs2: 0xb337ff465e6e18a2  fs3: 0xb7f6b6372f3bcbe8 
 fs4: 0x5d030df4a25c1e2f  fs5: 0x4fe553a4619dc3e8  fs6: 0x3c086a33bdb76ec2  fs7: 0x990753c271f4ff3a 
 fs8: 0x1b904f7b81dfc167  fs9: 0xf3134a0b9cbd759d fs10: 0x0c712e96509557d0 fs11: 0xf38d071d8f881c80 
 ft8: 0xab46af1bccfd27e6  ft9: 0x92fe262ab31dc528 ft10: 0x0f76d3352c00ff53 ft11: 0xde0625d08d7a1901 
 fcsr: 0x0000000000000000 fflags: 0x0000000000000000 frm: 0x0000000000000000
---------------- Privileged CSRs ----------------
pc: 0x000000008000010c  privilege mode: U (mode: 0  v: 0  debug: 0)
   mstatus: 0x8000000a00000680   sstatus: 0x8000000200000600  vsstatus: 0x0000000200000000
   hstatus: 0x0000000200000000  mnstatus: 0x0000000000000008
    mcause: 0x0000000000000000      mepc: 0x0000000080000108     mtval: 0x0000000000000000
    scause: 0x0000000000000000      sepc: 0x0000000000000000     stval: 0x0000000000000000
   vscause: 0x0000000000000000     vsepc: 0x0000000000000000    vstval: 0x0000000000000000
   mncause: 0x0000000000000000     mnepc: 0x0000000000000000 mnscratch: 0x0000000000000000
    mtval2: 0x0000000000000000     htval: 0x0000000000000000
    mtinst: 0x0000000000000000    htinst: 0x0000000000000000
  mscratch: 0x7c125e0550794585  sscratch: 0x3f532e208210b370 vsscratch: 0x0324824840700b5e
     mtvec: 0x0000000080000114     stvec: 0x0000000000000000    vstvec: 0x0000000000000000
       mip: 0x0000000000000000       mie: 0x0000000000000000
   mideleg: 0x0000000000001444   medeleg: 0x0000000000000000
   hideleg: 0x0000000000000000   hedeleg: 0x0000000000000000
      satp: 0x0000000000000000     hgatp: 0x0000000000000000     vsatp: 0x0000000000000000
 mcounteren: 0x0000000000000000 scounteren: 0x0000000000000000 hcounteren: 0x0000000000000000
  miselect: 0x0000000000000000  siselect: 0x0000000000000000 vsiselect: 0x0000000000000000
     mireg: 0x0000000000000000     sireg: 0x0000000000000000    vsireg: 0x0000000000000000
     mtopi: 0x0000000000000000     stopi: 0x0000000000000000    vstopi: 0x0000000000000000
     mvien: 0x0000000000000000     hvien: 0x0000000000000000      mvip: 0x0000000000000000
    mtopei: 0x0000000000000000    stopei: 0x0000000000000000   vstopei: 0x0000000000000000
    hvictl: 0x0000000000000000  hviprio1: 0x0000000000000000  hviprio2: 0x0000000000000000
---------------- PMP CSRs ----------------
pmp: 32 entries active, details:
 0: cfg:0x1f addr:0x00003fffffffffff| 1: cfg:0x00 addr:0x0000000000000000
 2: cfg:0x00 addr:0x0000000000000000| 3: cfg:0x00 addr:0x0000000000000000
 4: cfg:0x00 addr:0x0000000000000000| 5: cfg:0x00 addr:0x0000000000000000
 6: cfg:0x00 addr:0x0000000000000000| 7: cfg:0x00 addr:0x0000000000000000
 8: cfg:0x00 addr:0x0000000000000000| 9: cfg:0x00 addr:0x0000000000000000
10: cfg:0x00 addr:0x0000000000000000|11: cfg:0x00 addr:0x0000000000000000
12: cfg:0x00 addr:0x0000000000000000|13: cfg:0x00 addr:0x0000000000000000
14: cfg:0x00 addr:0x0000000000000000|15: cfg:0x00 addr:0x0000000000000000
16: cfg:0x00 addr:0x0000000000000000|17: cfg:0x00 addr:0x0000000000000000
18: cfg:0x00 addr:0x0000000000000000|19: cfg:0x00 addr:0x0000000000000000
20: cfg:0x00 addr:0x0000000000000000|21: cfg:0x00 addr:0x0000000000000000
22: cfg:0x00 addr:0x0000000000000000|23: cfg:0x00 addr:0x0000000000000000
24: cfg:0x00 addr:0x0000000000000000|25: cfg:0x00 addr:0x0000000000000000
26: cfg:0x00 addr:0x0000000000000000|27: cfg:0x00 addr:0x0000000000000000
28: cfg:0x00 addr:0x0000000000000000|29: cfg:0x00 addr:0x0000000000000000
30: cfg:0x00 addr:0x0000000000000000|31: cfg:0x00 addr:0x0000000000000000
32: cfg:0x00 addr:0x0000000000000000|33: cfg:0x00 addr:0x0000000000000000
34: cfg:0x00 addr:0x0000000000000000|35: cfg:0x00 addr:0x0000000000000000
36: cfg:0x00 addr:0x0000000000000000|37: cfg:0x00 addr:0x0000000000000000
38: cfg:0x00 addr:0x0000000000000000|39: cfg:0x00 addr:0x0000000000000000
40: cfg:0x00 addr:0x0000000000000000|41: cfg:0x00 addr:0x0000000000000000
42: cfg:0x00 addr:0x0000000000000000|43: cfg:0x00 addr:0x0000000000000000
44: cfg:0x00 addr:0x0000000000000000|45: cfg:0x00 addr:0x0000000000000000
46: cfg:0x00 addr:0x0000000000000000|47: cfg:0x00 addr:0x0000000000000000
48: cfg:0x00 addr:0x0000000000000000|49: cfg:0x00 addr:0x0000000000000000
50: cfg:0x00 addr:0x0000000000000000|51: cfg:0x00 addr:0x0000000000000000
52: cfg:0x00 addr:0x0000000000000000|53: cfg:0x00 addr:0x0000000000000000
54: cfg:0x00 addr:0x0000000000000000|55: cfg:0x00 addr:0x0000000000000000
56: cfg:0x00 addr:0x0000000000000000|57: cfg:0x00 addr:0x0000000000000000
58: cfg:0x00 addr:0x0000000000000000|59: cfg:0x00 addr:0x0000000000000000
60: cfg:0x00 addr:0x0000000000000000|61: cfg:0x00 addr:0x0000000000000000
62: cfg:0x00 addr:0x0000000000000000|63: cfg:0x00 addr:0x0000000000000000
---------------- PMA CSRs ----------------
pma: 32 entries active, details:
 0: cfg:0x00 addr:0x0000000000000000| 1: cfg:0x00 addr:0x0000000000000000
 2: cfg:0x00 addr:0x0000000000000000| 3: cfg:0x00 addr:0x0000000000000000
 4: cfg:0x00 addr:0x0000000000000000| 5: cfg:0x00 addr:0x0000000000000000
 6: cfg:0x00 addr:0x0000000000000000| 7: cfg:0x00 addr:0x0000000000000000
 8: cfg:0x00 addr:0x0000000000000000| 9: cfg:0x00 addr:0x0000000000000000
10: cfg:0x00 addr:0x0000000000000000|11: cfg:0x00 addr:0x0000000000000000
12: cfg:0x00 addr:0x0000000000000000|13: cfg:0x00 addr:0x0000000000000000
14: cfg:0x00 addr:0x0000000000000000|15: cfg:0x00 addr:0x0000000000000000
16: cfg:0x00 addr:0x0000000000000000|17: cfg:0x00 addr:0x0000000000000000
18: cfg:0x00 addr:0x0000000000000000|19: cfg:0x0b addr:0x0000000004000000
20: cfg:0x0f addr:0x0000000008000000|21: cfg:0x0b addr:0x000000000c004000
22: cfg:0x0b addr:0x000000000c014000|23: cfg:0x0b addr:0x000000000e008000
24: cfg:0x0f addr:0x000000000e008400|25: cfg:0x0b addr:0x000000000e008800
26: cfg:0x0b addr:0x000000000e400000|27: cfg:0x0b addr:0x000000000e400800
28: cfg:0x08 addr:0x000000000e800000|29: cfg:0x0b addr:0x0000000020000000
30: cfg:0x6f addr:0x0000020000000000|31: cfg:0x18 addr:0x00001fffffffffff
---------------- Vector Registers ----------------
v0 : 0x5555555555555555_5555555555555555  v1 : 0x5555555555555555_5555555555555555  
v2 : 0xffffffffffffffff_ffffffff00000000  v3 : 0xffffffffffffffff_ffffffffffffffff  
v4 : 0x5555555555555555_5555555555555555  v5 : 0x5555555555555555_5555555555555555  
v6 : 0x5555555555555555_5555555555555555  v7 : 0x5555555555555555_5555555555555555  
v8 : 0x5555555555555555_5555555555555555  v9 : 0x5555555555555555_5555555555555555  
v10: 0x5555555555555555_5555555555555555  v11: 0x5555555555555555_5555555555555555  
v12: 0x5555555555555555_5555555555555555  v13: 0x5555555555555555_5555555555555555  
v14: 0x5555555555555555_5555555555555555  v15: 0x5555555555555555_5555555555555555  
v16: 0x5555555555555555_5555555555555555  v17: 0x5555555555555555_5555555555555555  
v18: 0x5555555555555555_5555555555555555  v19: 0x5555555555555555_5555555555555555  
v20: 0x5555555555555555_5555555555555555  v21: 0x5555555555555555_5555555555555555  
v22: 0x5555555555555555_5555555555555555  v23: 0x5555555555555555_5555555555555555  
v24: 0x5555555555555555_5555555555555555  v25: 0x5555555555555555_5555555555555555  
v26: 0x5555555555555555_5555555555555555  v27: 0x5555555555555555_5555555555555555  
v28: 0x5555555555555555_5555555555555555  v29: 0x5555555555555555_5555555555555555  
v30: 0x5555555555555555_5555555555555555  v31: 0x5555555555555555_5555555555555555  
  vtype: 0x0000000000000051 vstart: 0x0000000000000000  vxsat: 0x0000000000000000
   vxrm: 0x0000000000000000     vl: 0x0000000000000001   vcsr: 0x0000000000000000
---------------- Triggers ----------------
 tselect: 0x0000000000000000
 0: tdata1: 0xf000000000000000 tdata2: 0x0000000000000000 tdata3: 0x2f646c6975622f00
 1: tdata1: 0xf000000000000000 tdata2: 0x000060de645e7740 tdata3: 0x0000000000000000
 2: tdata1: 0xf000000000000000 tdata2: 0x333b38333b37333b tdata3: 0x000060de645e7760
 3: tdata1: 0xf000000000000000 tdata2: 0x0000000000000000 tdata3: 0x3b39343b38343b37
 4: tdata1: 0x000060de645e7780 tdata2: 0x0000000000000000 tdata3: 0x3b00666669642d00
privilegeMode: 0
 v2_low different at pc = 0x0080000064, right = 0xffffffff00000000, wrong = 0x5555555555555555
v2_high different at pc = 0x0080000064, right = 0xffffffffffffffff, wrong = 0x5555555555555555
 v3_low different at pc = 0x0080000064, right = 0xffffffffffffffff, wrong = 0x5555555555555555
v3_high different at pc = 0x0080000064, right = 0xffffffffffffffff, wrong = 0x5555555555555555
Core 0: [31mABORT at pc = 0x80000064
[0m[35mCore-0 instrCnt = 72, cycleCnt = 17,412, IPC = 0.004135
[0m[34mSeed=0 Guest cycle spent: 17,417 (this will be different from cycleCnt if emu loads a snapshot)
[0m[34mHost time spent: 14,035ms
[0m